2026-07-16 15:46
[15:46:47]  Connect to Switch Box..............Failed.
[15:46:47]  Connect to Rotator.................Failed.
[15:46:47]  Connect to GS100..................Success.
[15:46:47]  BEE-1000 BCN Port 31 bind success.
[15:46:47]  BEE-1000 RPT Port 25 bind success.
[15:46:47]  BEE-1000 Event Port 27 bind success.
[15:46:47]  BEE-100 FM Port 23 bind success.
[15:46:47]  UEL-Y-Sys. BCN Port 12 bind success.
[15:46:47]  UEL-Y-Sys. RPT Port 10 bind success.
[15:46:47]  UEL-Y-Sys. Event Port 11 bind success.
[15:46:47]  UEL-Y-Sys. FM Port 14 bind success.
[15:46:47]  BEE-1012 BCN Port 17 bind success.
[15:46:47]  BEE-1012 RPT Port 15 bind success.
[15:46:47]  BEE-1012 Event Port 16 bind success.
[15:46:47]  BEE-1012 FM Port 18 bind success.
[15:46:47]  BEE-1012 AIOBC Port 29 bind success.
[15:46:47]  Rotator Read Failed. Please Check Again.
[15:46:51]  Cannot Read 20 parameters of Table 0.
[15:46:54]  Cannot Read 13 parameters of Table 1.
[15:46:58]  Cannot Read 18 parameters of Table 5.
[15:47:01]  Fail to open TC File
[15:48:09]  Fail to open TC File
[15:49:15]  Fail to open TC File
