2026-07-16 15:57
[15:57:57]  Connect to Switch Box..............Failed.
[15:57:57]  Connect to Rotator.................Failed.
[15:57:57]  Connect to GS100..................Success.
[15:57:57]  BEE-1000 BCN Port 31 bind success.
[15:57:57]  Rotator Read Failed. Please Check Again.
[15:57:57]  BEE-1000 RPT Port 25 bind success.
[15:57:57]  BEE-1000 Event Port 27 bind success.
[15:57:57]  BEE-100 FM Port 23 bind success.
[15:57:57]  UEL-Y-Sys. BCN Port 12 bind success.
[15:57:57]  UEL-Y-Sys. RPT Port 10 bind success.
[15:57:57]  UEL-Y-Sys. Event Port 11 bind success.
[15:57:57]  UEL-Y-Sys. FM Port 14 bind success.
[15:57:57]  BEE-1012 BCN Port 17 bind success.
[15:57:57]  BEE-1012 RPT Port 15 bind success.
[15:57:57]  BEE-1012 Event Port 16 bind success.
[15:57:57]  BEE-1012 FM Port 18 bind success.
[15:57:57]  BEE-1012 AIOBC Port 29 bind success.
[15:58:01]  Cannot Read 20 parameters of Table 0.
[15:58:03]  Cannot Read 13 parameters of Table 1.
[15:58:07]  Cannot Read 18 parameters of Table 5.
[15:58:31]  DataChunk generated. Magic=0x465A, RawDataLength=136, ChunkCRC32=0x249561A1, PacketCRC=0x4C, PacketLength=154
[15:58:31]  [OK]CMD Packet Header: 0x0 0x0 0x0 0x0 0x0 0x0 0x0 0x4c
